<!DOCTYPE html>
<html>

<head>
    <meta charset="UTF-8">
    <title>Receipt</title>
</head>

<body>
    <h1>Receipt</h1>
    <table>
        <tbody>
            
                
                    <tr>
                        <td>toothbrush</td>
                        <td></td>
                        <td>$1.98</td>
                    </tr>
                
            
                
                    <tr>
                        <td>apples</td>
                        <td></td>
                        <td>$1.49</td>
                    </tr>
                
            
        </tbody>
        <tbody>
            
        </tbody>
    </table>
    <h3>Total: 3.47</h3>
</body>

</html>
