<!DOCTYPE html>
<html>

<head>
    <meta charset="UTF-8">
    <title>Receipt</title>
</head>

<body>
    <h1>Receipt</h1>
    <table>
        <tbody>
            
        </tbody>
        <tbody>
            
            <tr>
                <td>3 for 2</td>
                <td>(apples)</td>
                <td>$-0.99</td>
            </tr>
            
        </tbody>
    </table>
    <h3>Total: -0.99</h3>
</body>

</html>
