<!DOCTYPE html>
<html>

<head>
    <meta charset="UTF-8">
    <title>Receipt</title>
</head>

<body>
    <h1>Receipt</h1>
    <table>
        <tbody>
            
        </tbody>
        <tbody>
            
        </tbody>
    </table>
    <h3>Total: 0</h3>
</body>

</html>
