<!DOCTYPE html>
<html>

<head>
    <meta charset="UTF-8">
    <title>Receipt</title>
</head>

<body>
    <h1>Receipt</h1>
    <table>
        <tbody>
            
                
                    <tr>
                        <td>toothpaste</td>
                        <td>$1.79 * 2</td>
                        <td>$3.58</td>
                    </tr>
                    
            
        </tbody>
        <tbody>
            
        </tbody>
    </table>
    <h3>Total: 3.58</h3>
</body>

</html>
