<!DOCTYPE html>
<html>

<head>
    <meta charset="UTF-8">
    <title>Receipt</title>
</head>

<body>
    <h1>Receipt</h1>
    <table>
        <tbody>
            
                
                    <tr>
                        <td>toothbrush</td>
                        <td></td>
                        <td>$0.99</td>
                    </tr>
                
            
                
                    <tr>
                        <td>toothbrush</td>
                        <td></td>
                        <td>$0.99</td>
                    </tr>
                
            
                
                    <tr>
                        <td>toothbrush</td>
                        <td></td>
                        <td>$0.99</td>
                    </tr>
                
            
                
                    <tr>
                        <td>toothbrush</td>
                        <td></td>
                        <td>$0.99</td>
                    </tr>
                
            
                
                    <tr>
                        <td>toothbrush</td>
                        <td></td>
                        <td>$0.99</td>
                    </tr>
                
            
        </tbody>
        <tbody>
            
            <tr>
                <td>3 for 2</td>
                <td>(toothbrush)</td>
                <td>$-0.99</td>
            </tr>
            
        </tbody>
    </table>
    <h3>Total: 3.96</h3>
</body>

</html>
