<!DOCTYPE html>
<html>

<head>
    <meta charset="UTF-8">
    <title>Receipt</title>
</head>

<body>
    <h1>Receipt</h1>
    <table>
        <tbody>
            
                
                    <tr>
                        <td>apples</td>
                        <td>$1.99 * 4</td>
                        <td>$7.96</td>
                    </tr>
                    
            
        </tbody>
        <tbody>
            
        </tbody>
    </table>
    <h3>Total: 7.96</h3>
</body>

</html>
