<!DOCTYPE html>
<html>

<head>
    <meta charset="UTF-8">
    <title>Receipt</title>
</head>

<body>
    <h1>Receipt</h1>
    <table>
        <tbody>
            
                
                    <tr>
                        <td>toothbrush</td>
                        <td>$0.99 * 2</td>
                        <td>$1.98</td>
                    </tr>
                    
            
                
                    <tr>
                        <td>toothpaste</td>
                        <td>$1.79 * 2</td>
                        <td>$3.58</td>
                    </tr>
                    
            
        </tbody>
        <tbody>
            
            <tr>
                <td>2 Bundle</td>
                <td>(toothbrush, toothpaste)</td>
                <td>$-0.56</td>
            </tr>
            
        </tbody>
    </table>
    <h3>Total: 5.0</h3>
</body>

</html>
