<!DOCTYPE html>
<html>

<head>
    <meta charset="UTF-8">
    <title>Receipt</title>
</head>

<body>
    <h1>Receipt</h1>
    <table>
        <tbody>
            
                
                    <tr>
                        <td>cherry tomatoes</td>
                        <td></td>
                        <td>$0.69</td>
                    </tr>
                
            
                
                    <tr>
                        <td>cherry tomatoes</td>
                        <td></td>
                        <td>$0.69</td>
                    </tr>
                
            
        </tbody>
        <tbody>
            
            <tr>
                <td>2 for 0.99</td>
                <td>(cherry tomatoes)</td>
                <td>$-0.39</td>
            </tr>
            
        </tbody>
    </table>
    <h3>Total: 0.99</h3>
</body>

</html>
