<!DOCTYPE html>
<html>

<head>
    <meta charset="UTF-8">
    <title>Receipt</title>
</head>

<body>
    <h1>Receipt</h1>
    <table>
        <tbody>
            
                
                    <tr>
                        <td>rice</td>
                        <td></td>
                        <td>$2.99</td>
                    </tr>
                
            
        </tbody>
        <tbody>
            
            <tr>
                <td>10.0% off</td>
                <td>(rice)</td>
                <td>$-0.30</td>
            </tr>
            
        </tbody>
    </table>
    <h3>Total: 2.69</h3>
</body>

</html>
