<!DOCTYPE html>
<html>

<head>
    <meta charset="UTF-8">
    <title>Receipt</title>
</head>

<body>
    <h1>Receipt</h1>
    <table>
        <tbody>
            
                
                    <tr>
                        <td>apples</td>
                        <td>$1.99 * 6</td>
                        <td>$11.94</td>
                    </tr>
                    
            
        </tbody>
        <tbody>
            
            <tr>
                <td>5 for 5.99</td>
                <td>(apples)</td>
                <td>$-3.96</td>
            </tr>
            
        </tbody>
    </table>
    <h3>Total: 7.98</h3>
</body>

</html>
